
> trustlocal-std@1.0.0 build
> astro build

[2m23:48:02[22m [34m[content][39m Syncing content
[2m23:48:02[22m [34m[content][39m Synced content
[2m23:48:02[22m [34m[types][39m Generated [2m64ms[22m
[2m23:48:02[22m [34m[build][39m output: [34m"static"[39m
[2m23:48:02[22m [34m[build][39m mode: [34m"static"[39m
[2m23:48:02[22m [34m[build][39m directory: [34mC:\Users\D Hariprasath\OneDrive\Desktop\New folder\TrustLocal-model-2\dist\[39m
[2m23:48:02[22m [34m[build][39m Collecting build info...
[2m23:48:02[22m [34m[build][39m [32mΓ£ô Completed in 132ms.[39m
[2m23:48:02[22m [34m[build][39m Building static entrypoints...
[33m[1m23:48:03[22m [WARN] [vite][39m [33m[esbuild css minify]
Γû▓ [WARNING] Unexpected "," [css-syntax-error]

    <stdin>:2885:0:
      2885 Γöé ,@font-face { src: url('//static.parastorage.com/fonts/v2/2f12de...
           Γò╡ ^


Γû▓ [WARNING] Unexpected "," [css-syntax-error]

    <stdin>:2888:0:
      2888 Γöé ,@font-face {font-family: 'helvetica-w01-light'; font-style: nor...
           Γò╡ ^

[39m
[2m23:48:03[22m [34m[vite][39m [32mΓ£ô built in 1.32s[39m
[2m23:48:03[22m [34m[build][39m [32mΓ£ô Completed in 1.35s.[39m

[42m[30m building client (vite) [39m[49m
[2m23:48:03[22m [34m[vite][39m transforming...
[2m23:48:06[22m [34m[vite][39m [32mΓ£ô[39m 2076 modules transformed.
[2m23:48:06[22m [34m[vite][39m rendering chunks...
[2m23:48:06[22m [34m[vite][39m computing gzip size...
[2m23:48:06[22m [34m[vite][39m [2mdist/[22m[36m_astro/client.ttxWoIpg.js  [39m[1m[2m  1.84 kB[22m[1m[22m[2m Γöé gzip:   0.92 kB[22m
[2m23:48:06[22m [34m[vite][39m [2mdist/[22m[36m_astro/index.yA8J4WPn.js   [39m[1m[2m142.17 kB[22m[1m[22m[2m Γöé gzip:  45.66 kB[22m
[2m23:48:06[22m [34m[vite][39m [2mdist/[22m[36m_astro/Router.Ds_hmfGD.js  [39m[1m[2m343.25 kB[22m[1m[22m[2m Γöé gzip: 105.93 kB[22m
[2m23:48:06[22m [34m[vite][39m [32mΓ£ô built in 2.72s[39m

[42m[30m generating static routes [39m[49m
[2m23:48:06[22m [32mΓû╢[39m src/pages/[...slug].astro
